---
source: src/codec/lines.rs
expression: report
---
ascii: payload_chars=5 encoded=68656c6c6f0a (6B)
empty_string: payload_chars=0 encoded=0a (1B)
contains_cr_only: payload_chars=3 encoded=610d620a (4B)
contains_lf_only: payload_chars=3 encoded=610a620a (4B)
contains_crlf: payload_chars=4 encoded=610d0a620a (5B)
multibyte_utf8: payload_chars=7 encoded=68c3a96c6c6f20f09fa6800a (12B)
