---
source: src/codec/lines.rs
expression: report
---
single_oversized_then_recover: max_length=5
  step=push_oversized_no_lf push=746f6f6c6f6e67 (7B) buf_pre=7B
  Err(MaxLineLengthExceeded)
  Ok(None)
    next_index=0 is_discarding=true residual_len=0
  step=complete_oversized_then_valid push=0a6f6b0a (4B) buf_pre=4B
  Ok(Some("ok"))
  Ok(None)
    next_index=0 is_discarding=false residual_len=0
oversized_with_crlf_then_recover: max_length=5
  step=push_oversized_with_cr push=6c6f6e672d6c696e650d (10B) buf_pre=10B
  Err(MaxLineLengthExceeded)
  Ok(None)
    next_index=0 is_discarding=true residual_len=0
  step=deliver_lf_then_valid push=0a6f6b0d0a (5B) buf_pre=5B
  Ok(Some("ok"))
  Ok(None)
    next_index=0 is_discarding=false residual_len=0
two_oversized_back_to_back: max_length=3
  step=first_oversized push=616263646566 (6B) buf_pre=6B
  Err(MaxLineLengthExceeded)
  Ok(None)
    next_index=0 is_discarding=true residual_len=0
  step=complete_first_then_second_oversized push=0a75767778797a (7B) buf_pre=7B
  Err(MaxLineLengthExceeded)
  Ok(None)
    next_index=0 is_discarding=true residual_len=0
  step=complete_second_then_valid push=0a68690a (4B) buf_pre=4B
  Ok(Some("hi"))
  Ok(None)
    next_index=0 is_discarding=false residual_len=0
oversized_chunked_no_lf: max_length=4
  step=chunk_a push=4141414141414141 (8B) buf_pre=8B
  Err(MaxLineLengthExceeded)
  Ok(None)
    next_index=0 is_discarding=true residual_len=0
  step=chunk_b push=4242424242424242 (8B) buf_pre=8B
  Ok(None)
    next_index=0 is_discarding=true residual_len=0
  step=finally_lf_then_valid push=0a6f6b0a (4B) buf_pre=4B
  Ok(Some("ok"))
  Ok(None)
    next_index=0 is_discarding=false residual_len=0
