---
source: src/cancel/symbol_cancel.rs
expression: trace
---
{
  "after_first_cancel": {
    "listener_events": [
      {
        "at_nanos": 991,
        "kind": "User"
      }
    ],
    "parent": {
      "cancelled": true,
      "cancelled_at_nanos": 991,
      "queued_children": 0,
      "queued_listeners": 1,
      "reason_kind": "User"
    },
    "preexisting_child": {
      "cancelled": true,
      "cancelled_at_nanos": 991,
      "queued_children": 0,
      "queued_listeners": 0,
      "reason_kind": "ParentCancelled"
    }
  },
  "after_late_child": {
    "late_child": {
      "cancelled": true,
      "cancelled_at_nanos": 991,
      "queued_children": 0,
      "queued_listeners": 0,
      "reason_kind": "ParentCancelled"
    },
    "parent": {
      "cancelled": true,
      "cancelled_at_nanos": 991,
      "queued_children": 0,
      "queued_listeners": 1,
      "reason_kind": "User"
    }
  },
  "after_strengthen": {
    "late_child": {
      "cancelled": true,
      "cancelled_at_nanos": 991,
      "queued_children": 0,
      "queued_listeners": 0,
      "reason_kind": "ParentCancelled"
    },
    "listener_events": [
      {
        "at_nanos": 991,
        "kind": "User"
      },
      {
        "at_nanos": 991,
        "kind": "Shutdown"
      }
    ],
    "parent": {
      "cancelled": true,
      "cancelled_at_nanos": 991,
      "queued_children": 0,
      "queued_listeners": 1,
      "reason_kind": "Shutdown"
    },
    "preexisting_child": {
      "cancelled": true,
      "cancelled_at_nanos": 991,
      "queued_children": 0,
      "queued_listeners": 0,
      "reason_kind": "ParentCancelled"
    },
    "strengthened_returned_first_caller": false
  },
  "fresh": {
    "parent": {
      "cancelled": false,
      "cancelled_at_nanos": null,
      "queued_children": 1,
      "queued_listeners": 1,
      "reason_kind": null
    },
    "preexisting_child": {
      "cancelled": false,
      "cancelled_at_nanos": null,
      "queued_children": 0,
      "queued_listeners": 0,
      "reason_kind": null
    }
  }
}
