---
source: src/trace/distributed/collector.rs
expression: summary2
---
TraceSummary {
    trace_id: DistTraceId(00000000000000000000000000000014),
    object_id: Some(
        ObjectId(00000000000000000000000000000001),
    ),
    span_count: 1,
    symbols_encoded: 5,
    symbols_transmitted: 0,
    symbols_received: 0,
    symbols_dropped: 0,
    end_to_end_latency: None,
    encode_duration: Some(
        100ms,
    ),
    transmit_duration_median: None,
    decode_duration: None,
    regions: [
        "r",
    ],
    success: false,
    error: None,
}
