---
source: src/trace/distributed/collector.rs
expression: record2
---
TraceRecord {
    trace_id: DistTraceId(0000000000000000000000000000000a),
    object_id: Some(
        ObjectId(00000000000000000000000000000001),
    ),
    first_seen: Time(0ns),
    last_updated: Time(0ns),
    spans: [
        SymbolSpan {
            context: SymbolTraceContext {
                trace_id: DistTraceId(0000000000000000000000000000000a),
                parent_span_id: SymbolSpanId(0000000000000000),
                span_id: SymbolSpanId(0000000a95514aaa),
                flags: TraceFlags(
                    1,
                ),
                origin_region: RegionTag(
                    "region-a",
                ),
                created_at: Time(0ns),
                baggage: [],
            },
            name: "encode",
            kind: Encode,
            start_time: Time(0ns),
            end_time: None,
            status: InProgress,
            object_id: Some(
                ObjectId(00000000000000000000000000000001),
            ),
            symbol_id: None,
            symbol_count: None,
            attributes: {},
            error_message: None,
        },
    ],
    regions: [
        RegionTag(
            "region-a",
        ),
    ],
    is_complete: false,
}
