---
source: src/types/wasm_abi.rs
assertion_line: 7266
expression: variants
---
[
  {
    "decision": "exact"
  },
  {
    "decision": "backward_compatible",
    "producer_minor": 2,
    "consumer_minor": 5
  },
  {
    "decision": "major_mismatch",
    "producer_major": 1,
    "consumer_major": 2
  },
  {
    "decision": "consumer_too_old",
    "producer_minor": 7,
    "consumer_minor": 3
  }
]
