---
source: src/types/outcome.rs
assertion_line: 1210
expression: "scrub_outcome_serde(json!({\n    \"ok\": Outcome::<u8, &str>::ok(7), \"err\": Outcome::<u8,\n    &str>::err(\"denied\"), \"cancelled\": Outcome::<u8,\n    &str>::cancelled(CancelReason::user(\"req-9f4c36b1\")), \"panicked\":\n    OutcomeError::<&str>::Panicked(PanicPayload::new(\"boom\")),\n}))"
---
{
  "cancelled": {
    "Cancelled": {
      "cause": null,
      "kind": "User",
      "message": "[MESSAGE]",
      "origin_region": {
        "generation": 0,
        "index": 0,
        "kind": "RegionId"
      },
      "origin_task": null,
      "timestamp": 0,
      "truncated": false,
      "truncated_at_depth": null
    }
  },
  "err": {
    "Err": "denied"
  },
  "ok": {
    "Ok": 7
  },
  "panicked": {
    "Panicked": {
      "message": "boom"
    }
  }
}
