---
source: src/types/wasm_abi.rs
assertion_line: 7353
expression: variants
---
[
  {
    "kind": "unit"
  },
  {
    "kind": "bool",
    "value": true
  },
  {
    "kind": "i64",
    "value": -42
  },
  {
    "kind": "u64",
    "value": 7
  },
  {
    "kind": "string",
    "value": "hello"
  },
  {
    "kind": "bytes",
    "value": [
      0,
      1,
      2,
      255
    ]
  },
  {
    "kind": "handle",
    "value": {
      "kind": "region",
      "slot": 11,
      "generation": 3,
      "owner_token": 16045690985374415566
    }
  }
]
