---
source: src/types/wasm_abi.rs
assertion_line: 7332
expression: payload
---
{
  "boundary_state": [
    "unbound",
    "bound",
    "active",
    "cancelling",
    "draining",
    "closed"
  ],
  "change_class": [
    "additive_field",
    "additive_symbol",
    "behavioral_tightening",
    "behavioral_relaxation",
    "symbol_removal",
    "value_encoding_change",
    "outcome_semantic_change",
    "cancellation_semantic_change"
  ],
  "error_code": [
    "capability_denied",
    "invalid_handle",
    "decode_failure",
    "compatibility_rejected",
    "internal_failure"
  ],
  "handle_kind": [
    "runtime",
    "region",
    "task",
    "cancel_token",
    "fetch_request"
  ],
  "payload_shape": [
    "empty",
    "handle_ref_v1",
    "scope_enter_request_v1",
    "spawn_request_v1",
    "cancel_request_v1",
    "fetch_request_v1",
    "outcome_envelope_v1"
  ],
  "recoverability": [
    "transient",
    "permanent",
    "unknown"
  ],
  "symbol": [
    "runtime_create",
    "runtime_close",
    "scope_enter",
    "scope_close",
    "task_spawn",
    "task_join",
    "task_cancel",
    "fetch_request"
  ]
}
