---
source: src/types/wasm_abi.rs
assertion_line: 7243
expression: WASM_ABI_SIGNATURES_V1.to_vec()
---
[
  {
    "symbol": "runtime_create",
    "request": "empty",
    "response": "handle_ref_v1"
  },
  {
    "symbol": "runtime_close",
    "request": "handle_ref_v1",
    "response": "outcome_envelope_v1"
  },
  {
    "symbol": "scope_enter",
    "request": "scope_enter_request_v1",
    "response": "handle_ref_v1"
  },
  {
    "symbol": "scope_close",
    "request": "handle_ref_v1",
    "response": "outcome_envelope_v1"
  },
  {
    "symbol": "task_spawn",
    "request": "spawn_request_v1",
    "response": "handle_ref_v1"
  },
  {
    "symbol": "task_join",
    "request": "handle_ref_v1",
    "response": "outcome_envelope_v1"
  },
  {
    "symbol": "task_cancel",
    "request": "cancel_request_v1",
    "response": "outcome_envelope_v1"
  },
  {
    "symbol": "fetch_request",
    "request": "fetch_request_v1",
    "response": "outcome_envelope_v1"
  }
]
