---
source: src/types/wasm_abi.rs
assertion_line: 7386
expression: envelopes
---
[
  {
    "outcome": "ok",
    "value": {
      "kind": "u64",
      "value": 7
    }
  },
  {
    "outcome": "err",
    "failure": {
      "code": "capability_denied",
      "recoverability": "permanent",
      "message": "scope closed"
    }
  },
  {
    "outcome": "cancelled",
    "cancellation": {
      "kind": "user",
      "phase": "completed",
      "origin_region": "R(3,7)",
      "origin_task": "T(4,1)",
      "timestamp_nanos": 42,
      "message": "deadline exceeded",
      "truncated": false
    }
  },
  {
    "outcome": "panicked",
    "message": "boom"
  }
]
