---
source: src/plan/latency_algebra.rs
assertion_line: 1972
expression: analysis.to_string()
---
Latency Analysis (3 nodes)
  node[0]: delay<=0.050000s, backlog<=10.00
  node[1]: delay<=0.260000s, backlog<=51.00
  node[2]: delay<=0.260000s, backlog<=51.00
  --- end-to-end ---
Latency Bound Analysis
  delay    <= 0.260000s
  backlog  <= 51.00 units
  util     =  50.0%
  provenance:
    node[1]: 0.260000s — leaf "slow": delay=0.260000s
    node[2]: 0.260000s — join of 2 children: max delay=0.260000s
    node[0]: 0.050000s — leaf "fast": delay=0.050000s
