---
source: src/plan/latency_algebra.rs
assertion_line: 2859
expression: "format!(\"{analysis}\")"
---
Latency Analysis (3 nodes)
  node[0]: delay<=infs, backlog<=inf
  node[1]: delay<=infs, backlog<=inf
  node[2]: delay<=infs, backlog<=inf
  --- end-to-end ---
Latency Bound Analysis
  delay    <= infs
  backlog  <= inf units
  util     =  200.0%
  provenance:
    node[0]: infs — leaf "unannotated_service_a": delay=infs
    node[1]: infs — leaf "unannotated_service_b": delay=infs
    node[2]: infs — join of 2 children: max delay=infs
