---
source: src/plan/analysis.rs
assertion_line: 2186
expression: output
---
--- ObligationSafety ---
Clean: clean
MayLeak: may-leak
Leaked: leaked
Unknown: unknown

--- CancelSafety ---
Safe: safe
MayOrphan: may-orphan
Orphan: orphan
Unknown: unknown

--- BudgetEffect ---
LEAF: polls=[1, 1]
Bounded: polls=[2, 5] deadline=[∞, ∞]
Unbounded: polls=[1, ∞]

--- ObligationFlow ---
Empty: reserves=[] [all-paths-ok]
Complex: reserves=["SendPermit"] must_resolve=["SendPermit"] leak_on_cancel=["Lease"] [LEAK-RISK]

--- IndependenceResult ---
Independent: independent
Dependent: dependent
Uncertain: uncertain

--- TraceEquivalenceHint ---
Atomic: atomic
FullyCommutative: fully-commutative
PartiallyCommutative: partially-commutative(2 groups)
Sequential: sequential
Unknown: unknown
