---
source: src/plan/mod.rs
assertion_line: 1522
expression: dag
---
PlanDag {
    nodes: [
        Leaf {
            label: "s",
        },
        Leaf {
            label: "a",
        },
        Leaf {
            label: "b",
        },
        Join {
            children: [
                PlanId(
                    0,
                ),
                PlanId(
                    1,
                ),
            ],
        },
        Join {
            children: [
                PlanId(
                    0,
                ),
                PlanId(
                    2,
                ),
            ],
        },
        Race {
            children: [
                PlanId(
                    3,
                ),
                PlanId(
                    4,
                ),
            ],
        },
    ],
    root: Some(
        PlanId(
            5,
        ),
    ),
}
