---
source: src/plan/mod.rs
expression: dag
---
PlanDag {
    nodes: [
        Leaf {
            label: "fast",
        },
        Leaf {
            label: "slow",
        },
        Timeout {
            child: PlanId(
                1,
            ),
            duration: 5s,
        },
        Join {
            children: [
                PlanId(
                    0,
                ),
                PlanId(
                    2,
                ),
            ],
        },
    ],
    root: Some(
        PlanId(
            3,
        ),
    ),
}
