---
source: src/plan/latency_algebra.rs
assertion_line: 2746
expression: "format!(\"{bound}\")"
---
Latency Bound Analysis
  delay    <= 2.345678s
  backlog  <= 1234.56 units
  util     =  89.0%
  provenance:
    node[1]: 0.500000s — database query
    node[3]: 1.200000s — network request with retry
    node[5]: 0.645678s — computation pipeline
