---
source: src/plan/certificate.rs
expression: ledger.render()
---
=== Plan Rewrite Explanation ===
Before: 3 nodes (J=0 R=0 T=2, depth=3)
After:  4 nodes (J=0 R=0 T=3, depth=2)
Delta:  nodes=+1, depth=-1
Steps:  1

  [0] Timeout Minimization: node 2 (Timeout(100ms)) -> node 3 (Timeout(100ms))
       condition: nested timeout structure
