---
source: src/runtime/scheduler/three_lane.rs
assertion_line: 14000
expression: lyapunov_governor_decision_history_fixed_seed_json(0xC0DE_CAFE_BEEF_0191)
---
{
  "seed": "0xC0DECAFEBEEF0191",
  "steps": [
    {
      "dispatch_task": null,
      "phase": "quiescent",
      "potential": {
        "deadlines": 0.0,
        "obligations": 0.0,
        "regions": 0.0,
        "tasks": 0.0,
        "total": 0.0
      },
      "snapshot": {
        "deadline_pressure": 0.0,
        "draining_regions": 0,
        "live_tasks": 0,
        "obligation_age_sum_ns": 0,
        "pending_obligations": 0,
        "ready_queue_depth": 0,
        "time_ns": 0
      },
      "suggestion": "no_preference"
    },
    {
      "dispatch_task": "TaskId(9901:1)",
      "phase": "meet_deadlines",
      "potential": {
        "deadlines": 1.998,
        "obligations": 0.0,
        "regions": 0.0,
        "tasks": 1.0,
        "total": 2.998
      },
      "snapshot": {
        "deadline_pressure": 0.999,
        "draining_regions": 0,
        "live_tasks": 1,
        "obligation_age_sum_ns": 0,
        "pending_obligations": 0,
        "ready_queue_depth": 1,
        "time_ns": 999000000
      },
      "suggestion": "meet_deadlines"
    },
    {
      "dispatch_task": "TaskId(9902:1)",
      "phase": "drain_obligations",
      "potential": {
        "deadlines": 0.0,
        "obligations": 0.0,
        "regions": 0.0,
        "tasks": 1.0,
        "total": 1.0
      },
      "snapshot": {
        "deadline_pressure": 0.0,
        "draining_regions": 0,
        "live_tasks": 1,
        "obligation_age_sum_ns": 0,
        "pending_obligations": 1,
        "ready_queue_depth": 1,
        "time_ns": 1000000000
      },
      "suggestion": "no_preference"
    },
    {
      "dispatch_task": "TaskId(9903:1)",
      "phase": "drain_regions",
      "potential": {
        "deadlines": 0.0,
        "obligations": 0.0,
        "regions": 3.0,
        "tasks": 0.0,
        "total": 3.0
      },
      "snapshot": {
        "deadline_pressure": 0.0,
        "draining_regions": 1,
        "live_tasks": 0,
        "obligation_age_sum_ns": 0,
        "pending_obligations": 0,
        "ready_queue_depth": 1,
        "time_ns": 0
      },
      "suggestion": "drain_regions"
    }
  ]
}
