---
source: src/runtime/scheduler/three_lane.rs
assertion_line: 14120
expression: "json!({\n    \"cancel_flood_seed_0603\":\n    adaptive_cancel_flood_replay_json(0xC0DE_CAFE_BEEF_0603),\n    \"limit_trace_seed_0001_epochs_16\":\n    adaptive_limit_replay_json(0xC0DE_CAFE_BEEF_0001, 16),\n    \"limit_trace_seed_0001_epochs_24\":\n    adaptive_limit_replay_json(0xC0DE_CAFE_BEEF_0001, 24),\n    \"limit_trace_seed_0002_epochs_24\":\n    adaptive_limit_replay_json(0xC0DE_CAFE_BEEF_0002, 24),\n    \"limit_trace_seed_0011_epochs_32\":\n    adaptive_limit_replay_json(0xC0DE_CAFE_BEEF_0011, 32),\n})"
---
{
  "cancel_flood_seed_0603": {
    "adaptive_limit": 4,
    "dispatch_trace": [
      "TaskId(77:115)",
      "TaskId(77:110)",
      "TaskId(77:102)",
      "TaskId(77:123)",
      "TaskId(77:1)",
      "TaskId(77:113)",
      "TaskId(77:122)",
      "TaskId(77:105)",
      "TaskId(77:114)",
      "TaskId(77:2)"
    ],
    "fairness_certificate": {
      "adaptive_current_limit": 4,
      "adaptive_enabled": true,
      "base_limit": 4,
      "base_limit_exceedances": 0,
      "cancel_dispatches": 8,
      "effective_limit": 4,
      "effective_limit_exceedances": 0,
      "fairness_yields": 2,
      "fallback_cancel_dispatches": 0,
      "invariant_holds": true,
      "max_ready_priority_inversion_gap": 0,
      "observed_max_cancel_streak": 4,
      "observed_max_ready_stall_steps": 4,
      "observed_max_timed_stall_steps": 4,
      "observed_non_cancel_stall_steps": 4,
      "ready_dispatches": 1,
      "ready_priority_inversions": 0,
      "ready_stall_bound_steps": 5,
      "timed_dispatches": 1,
      "witness_hash": 11702958668346653056
    },
    "ready_index": 9,
    "ready_task": "TaskId(77:2)",
    "seed": "0xC0DECAFEBEEF0603",
    "timed_index": 4,
    "timed_task": "TaskId(77:1)"
  },
  "limit_trace_seed_0001_epochs_16": {
    "distinct_limits": 5,
    "epochs": 16,
    "limit_trace": [
      4,
      8,
      32,
      64,
      16,
      8,
      64,
      4,
      32,
      8,
      16,
      4,
      64,
      8,
      32,
      4
    ],
    "seed": "0xC0DECAFEBEEF0001"
  },
  "limit_trace_seed_0001_epochs_24": {
    "distinct_limits": 5,
    "epochs": 24,
    "limit_trace": [
      4,
      8,
      32,
      64,
      16,
      8,
      64,
      4,
      32,
      8,
      16,
      4,
      64,
      8,
      32,
      4,
      8,
      16,
      64,
      4,
      32,
      16,
      4,
      8
    ],
    "seed": "0xC0DECAFEBEEF0001"
  },
  "limit_trace_seed_0002_epochs_24": {
    "distinct_limits": 5,
    "epochs": 24,
    "limit_trace": [
      4,
      8,
      32,
      64,
      16,
      8,
      64,
      4,
      32,
      8,
      16,
      4,
      64,
      8,
      32,
      4,
      8,
      16,
      64,
      4,
      32,
      16,
      4,
      8
    ],
    "seed": "0xC0DECAFEBEEF0002"
  },
  "limit_trace_seed_0011_epochs_32": {
    "distinct_limits": 5,
    "epochs": 32,
    "limit_trace": [
      4,
      8,
      32,
      64,
      16,
      8,
      64,
      4,
      32,
      8,
      16,
      4,
      64,
      8,
      32,
      4,
      8,
      16,
      64,
      4,
      32,
      16,
      4,
      8,
      16,
      64,
      8,
      32,
      64,
      4,
      32,
      16
    ],
    "seed": "0xC0DECAFEBEEF0011"
  }
}
