---
source: src/runtime/scheduler/three_lane.rs
assertion_line: 13992
expression: scheduler_decision_static_oracle_100_fixed_seed_json(0xC0DE_CAFE_BEEF_1190)
---
{
  "dispatch_counts": {
    "cancel": 40,
    "ready": 40,
    "timed": 20
  },
  "lane_trace": [
    "timed",
    "cancel",
    "cancel",
    "ready",
    "ready",
    "timed",
    "cancel",
    "cancel",
    "ready",
    "ready",
    "timed",
    "cancel",
    "cancel",
    "ready",
    "ready",
    "timed",
    "cancel",
    "cancel",
    "ready",
    "ready",
    "timed",
    "cancel",
    "cancel",
    "ready",
    "ready",
    "timed",
    "cancel",
    "cancel",
    "ready",
    "ready",
    "timed",
    "cancel",
    "cancel",
    "ready",
    "ready",
    "timed",
    "cancel",
    "cancel",
    "ready",
    "ready",
    "timed",
    "cancel",
    "cancel",
    "ready",
    "ready",
    "timed",
    "cancel",
    "cancel",
    "ready",
    "ready",
    "timed",
    "cancel",
    "cancel",
    "ready",
    "ready",
    "timed",
    "cancel",
    "cancel",
    "ready",
    "ready",
    "timed",
    "cancel",
    "cancel",
    "ready",
    "ready",
    "timed",
    "cancel",
    "cancel",
    "ready",
    "ready",
    "timed",
    "cancel",
    "cancel",
    "ready",
    "ready",
    "timed",
    "cancel",
    "cancel",
    "ready",
    "ready",
    "timed",
    "cancel",
    "cancel",
    "ready",
    "ready",
    "timed",
    "cancel",
    "cancel",
    "ready",
    "ready",
    "timed",
    "cancel",
    "cancel",
    "ready",
    "ready",
    "timed",
    "cancel",
    "cancel",
    "ready",
    "ready"
  ],
  "oracle_cycle": [
    "timed",
    "cancel",
    "cancel",
    "ready",
    "ready"
  ],
  "seed": "0xC0DECAFEBEEF1190",
  "total_decisions": 100
}
