---
source: src/atp/cache/mod.rs
assertion_line: 689
expression: config
---
{
  "max_size_bytes": 1073741824,
  "max_entries": 10000,
  "default_ttl": {
    "secs": 86400,
    "nanos": 0
  },
  "eviction_policy": "least_recently_used",
  "allow_plaintext_shared": false,
  "storage_root": ".cache",
  "compression_enabled": true
}
