---
source: src/observability/metrics.rs
expression: "sorted_metric_blocks_snapshot(&metrics.export_prometheus())"
---
# TYPE region_live_tasks_region__root__phase__draining__ gauge
region_live_tasks_region__root__phase__draining__ 2
# TYPE region_live_tasks_region__worker__phase__steady__ gauge
region_live_tasks_region__worker__phase__steady__ 5
# TYPE runtime_poll_latency_seconds histogram
runtime_poll_latency_seconds_bucket{le="0.001"} 1
runtime_poll_latency_seconds_bucket{le="0.01"} 2
runtime_poll_latency_seconds_bucket{le="0.1"} 3
runtime_poll_latency_seconds_bucket{le="+Inf"} 3
runtime_poll_latency_seconds_sum 0.0845
runtime_poll_latency_seconds_count 3
# TYPE runtime_regions_total_state__closed__ counter
runtime_regions_total_state__closed__ 1
# TYPE runtime_regions_total_state__open__ counter
runtime_regions_total_state__open__ 3
# TYPE scheduler_dispatch_total_lane__cancel__worker__primary__ counter
scheduler_dispatch_total_lane__cancel__worker__primary__ 2
# TYPE scheduler_dispatch_total_lane__ready__worker__primary__ counter
scheduler_dispatch_total_lane__ready__worker__primary__ 11
# TYPE scheduler_queue_depth_lane__ready__ gauge
scheduler_queue_depth_lane__ready__ 4
# TYPE scheduler_queue_depth_lane__timed__ gauge
scheduler_queue_depth_lane__timed__ 1
