---
source: src/raptorq/proof.rs
assertion_line: 2343
expression: "serde_json::Value::Object(table)"
---
{
  "empty": {
    "hash": 1101375780981390806,
    "shape": []
  },
  "empty_symbol_then_full_symbol": {
    "hash": 9689033213664656980,
    "shape": [
      0,
      16
    ]
  },
  "irregular_symbol_lengths": {
    "hash": 2487655583287822057,
    "shape": [
      2,
      4,
      8
    ]
  },
  "k10_symbol_size_64_deterministic_fill": {
    "hash": 17630202692917211899,
    "shape": [
      64,
      64,
      64,
      64,
      64,
      64,
      64,
      64,
      64,
      64
    ]
  },
  "single_zero_symbol_size_64": {
    "hash": 3336005890688798346,
    "shape": [
      64
    ]
  },
  "two_symbols_distinct_pattern": {
    "hash": 4382350870052560150,
    "shape": [
      32,
      32
    ]
  }
}
