---
source: src/raptorq/test_log_schema.rs
expression: pretty_json
---
{
  "schema_version": "raptorq-e2e-log-v1",
  "scenario": "systematic_only",
  "scenario_id": "RQ-E2E-SYSTEMATIC-ONLY",
  "replay_id": "replay:rq-e2e-systematic-only-v1",
  "profile": "fast",
  "unit_sentinel": "test::fn",
  "assertion_id": "E2E-TEST",
  "run_id": "run-1",
  "repro_command": "rch exec -- cargo test",
  "phase_markers": [
    "encode",
    "transmit",
    "decode"
  ],
  "config": {
    "symbol_size": 64,
    "max_block_size": 1024,
    "repair_overhead": 1.0,
    "min_overhead": 0,
    "seed": 42,
    "block_k": 16,
    "block_count": 1,
    "data_len": 1024
  },
  "loss": {
    "kind": "random",
    "seed": 42,
    "drop_per_mille": 100,
    "drop_count": 2,
    "keep_count": 18
  },
  "symbols": {
    "generated": {
      "total": 20,
      "source": 16,
      "repair": 4
    },
    "received": {
      "total": 18,
      "source": 16,
      "repair": 2
    }
  },
  "outcome": {
    "success": true,
    "decoded_bytes": 1024
  },
  "proof": {
    "hash": 1311768467463790320,
    "summary_bytes": 128,
    "outcome": "success",
    "received_total": 18,
    "received_source": 16,
    "received_repair": 2,
    "peeling_solved": 16,
    "inactivated": 0,
    "pivots": 2,
    "row_ops": 4,
    "equations_used": 18
  }
}
