---
source: src/raptorq/proof.rs
assertion_line: 2281
expression: "json!({ \"success\": success_outcome, \"failure\": failure_outcome, })"
---
{
  "failure": {
    "kind": "Failure",
    "reason": {
      "attempted_cols": [
        8,
        9,
        12
      ],
      "kind": "SingularMatrix",
      "row": 6
    }
  },
  "success": {
    "kind": "Success",
    "source_payload_hash": 8830733058453589808,
    "symbols_recovered": 10
  }
}
