---
source: src/trace/divergence.rs
expression: scrub_divergence_text(&report.to_text())
---
=== Replay Divergence Report ===

Category:   scheduling-order
Event:      1 of 3 (33.3% replayed)
Seed:       [SEED]
Min prefix: 2 events

Expected: [TaskScheduled] task=CompactTaskId(2) tick=1
Actual:   [TaskScheduled] task=CompactTaskId(3) tick=1

Explanation: Scheduler chose task CompactTaskId(3) at tick 1 instead of expected task CompactTaskId(2) at tick 1. The ready queue ordering diverged.
Suggestion:  Check for non-deterministic task readiness (e.g., I/O completion order, timer resolution). Use a fixed seed and verify the scheduler configuration matches the recording. Focus on task(s): [2, 3].

Affected tasks:   [2, 3]

--- Context (before) ---
  [0] TaskScheduled task=CompactTaskId(1) tick=0
  [1] >>> DIVERGENCE <<<
--- Context (expected after) ---
  [2] TaskCompleted task=CompactTaskId(2) outcome=Ok
